Fatal error: cannot open file 'run_pipeline_nugget.R': No such file or directory
Fatal error: cannot open file 'run_pipeline_nugget.R': No such file or directory
